<h2 id="introduction"><a href="#introduction">Introduction</a></h2>
<p>Hello World!</p>
<h2 id="heading-2"><a href="#heading-2">Heading 2</a></h2>
<p>Another section!</p>