<div class="code-group"><div class="code-group-tabs"><button class="custom-tab custom-active">PHP</button><button class="custom-tab">JavaScript</button></div><div class="code-group-contents"><div class="code-group-content active"><pre><code class="language-php">echo 'test';</code></pre></div><div class="code-group-content"><pre><code class="language-js">console.log('test');</code></pre></div></div></div>
