<div class="code-group"><div class="code-group-tabs"><button class="code-group-tab active">js</button><button class="code-group-tab">php</button></div><div class="code-group-contents"><div class="code-group-content active"><pre><code class="language-js">console.log('Hello from JS!');</code></pre></div><div class="code-group-content"><pre><code class="language-php">echo 'Hello from PHP!';</code></pre></div></div></div>
