<div class="custom-group"><div class="custom-tabs"><button class="code-group-tab active">php</button></div><div class="custom-contents"><div class="code-group-content active"><pre><code class="language-php">echo 'test';</code></pre></div></div></div>
