<div class="code-group"><div class="code-group-tabs"><button class="code-group-tab active">php</button></div><div class="code-group-contents"><div class="code-group-content active"><pre><code class="language-php{1,3-5}{2,4}">line 1
line 2
line 3
line 4
line 5</code></pre></div></div></div>
