<div class="code-group"><div class="code-group-tabs"><button class="code-group-tab active">php</button></div><div class="code-group-contents"><div class="code-group-content active"><pre><code class="language-php{999}{-1-0}">echo 'test';</code></pre></div></div></div>
