<div class="code-group"><div class="code-group-tabs"><button class="code-group-tab active">JavaScript</button><button class="code-group-tab">PHP</button></div><div class="code-group-contents"><div class="code-group-content active"><pre><code class="language-javascript">console.log('Hello!');</code></pre></div><div class="code-group-content"><pre><code class="language-php">echo 'Hello!';</code></pre></div></div></div>
