<div class="code-group"><div class="code-group-tabs"><button class="code-group-tab active">PHP</button></div><div class="code-group-contents"><div class="code-group-content active"><pre><code class="language-php">echo 'test';</code></pre></div></div></div>
