<div class="code-group"><div class="code-group-tabs"><button class="code-group-tab active">php</button><button class="code-group-tab">js</button></div><div class="code-group-contents"><div class="code-group-content active"><pre><code class="language-php"></code></pre></div><div class="code-group-content"><pre><code class="language-js"></code></pre></div></div></div>
