<div class="code-group"><div class="code-group-tabs"></div><div class="code-group-contents"></div></div>
<p>:::</p>
